C:/Users/Travail/Documents/GitHub/projetMeteo/src/Drivers/BSP/STM32F7xx_Nucleo_144/stm32f7xx_nucleo_144.c:180:10:BSP_GetVersion	0	static
C:/Users/Travail/Documents/GitHub/projetMeteo/src/Drivers/BSP/STM32F7xx_Nucleo_144/stm32f7xx_nucleo_144.c:194:6:BSP_LED_Init	56	static
C:/Users/Travail/Documents/GitHub/projetMeteo/src/Drivers/BSP/STM32F7xx_Nucleo_144/stm32f7xx_nucleo_144.c:221:6:BSP_LED_DeInit	24	static
C:/Users/Travail/Documents/GitHub/projetMeteo/src/Drivers/BSP/STM32F7xx_Nucleo_144/stm32f7xx_nucleo_144.c:239:6:BSP_LED_On	0	static
C:/Users/Travail/Documents/GitHub/projetMeteo/src/Drivers/BSP/STM32F7xx_Nucleo_144/stm32f7xx_nucleo_144.c:253:6:BSP_LED_Off	0	static
C:/Users/Travail/Documents/GitHub/projetMeteo/src/Drivers/BSP/STM32F7xx_Nucleo_144/stm32f7xx_nucleo_144.c:267:6:BSP_LED_Toggle	0	static
C:/Users/Travail/Documents/GitHub/projetMeteo/src/Drivers/BSP/STM32F7xx_Nucleo_144/stm32f7xx_nucleo_144.c:283:6:BSP_PB_Init	32	static
C:/Users/Travail/Documents/GitHub/projetMeteo/src/Drivers/BSP/STM32F7xx_Nucleo_144/stm32f7xx_nucleo_144.c:321:6:BSP_PB_DeInit	8	static
C:/Users/Travail/Documents/GitHub/projetMeteo/src/Drivers/BSP/STM32F7xx_Nucleo_144/stm32f7xx_nucleo_144.c:336:10:BSP_PB_GetState	8	static
